[2021-02-08T10:36:43.461+0100][221605.437s][24137][info ][gc,start             ] GC(2197) Pause Young (Concurrent Start) (G1 Evacuation Pause)
[2021-02-08T10:36:43.482+0100][221605.458s][24137][info ][gc                   ] GC(2198) Concurrent Cycle
[2021-02-08T10:36:44.099+0100][221606.076s][24137][info ][gc,start             ] GC(2198) Pause Remark
[2021-02-08T10:36:44.553+0100][221606.529s][24137][info ][gc,start             ] GC(2198) Pause Cleanup
[2021-02-08T10:36:55.242+0100][221617.218s][24137][info ][gc,start             ] GC(2199) Pause Young (Prepare Mixed) (G1 Evacuation Pause)
[2021-02-08T10:37:05.263+0100][221627.240s][24137][info ][gc,start             ] GC(2200) Pause Young (Mixed) (G1 Evacuation Pause)
[2021-02-08T10:37:14.556+0100][221636.532s][24137][info ][gc,start             ] GC(2201) Pause Young (Mixed) (G1 Evacuation Pause)
[2021-02-08T10:37:31.035+0100][221653.011s][24137][info ][gc,start             ] GC(2202) Pause Young (Mixed) (G1 Evacuation Pause)
[2021-02-08T10:37:53.323+0100][221675.300s][24137][info ][gc,start             ] GC(2203) Pause Young (Normal) (G1 Evacuation Pause)


[2021-07-29T18:09:55.811+0200][1196898.926s][7506][info ][gc,start             ] GC(55650) Pause Young (Concurrent Start) (G1 Humongous Allocation)
[2021-07-29T18:09:55.822+0200][1196898.937s][7506][info ][gc                   ] GC(55651) Concurrent Cycle
[2021-07-29T18:09:59.113+0200][1196902.228s][7506][info ][gc,start             ] GC(55651) Pause Remark
[2021-07-29T18:10:01.466+0200][1196904.581s][7506][info ][gc,start             ] GC(55651) Pause Cleanup
[2021-07-29T18:10:07.138+0200][1196910.253s][7506][info ][gc,start             ] GC(55652) Pause Young (Normal) (G1 Evacuation Pause)
